<html>
<body>
<pre>
<h1>µVision Build Log</h1>
<h2>Tool Versions:</h2>
IDE-Version: µVision V5.24.2.0
Copyright (C) 2017 ARM Ltd and ARM Germany GmbH. All rights reserved.
License Information: Adrian Ward, Decawave, LIC=----
 
Tool Versions:
Toolchain:       MDK-Lite  Version: 5.24.1
Toolchain Path:  C:\Keil_v5\ARM\ARMCC\Bin
C Compiler:      Armcc.exe V5.06 update 5 (build 528)
Assembler:       Armasm.exe V5.06 update 5 (build 528)
Linker/Locator:  ArmLink.exe V5.06 update 5 (build 528)
Library Manager: ArmAr.exe V5.06 update 5 (build 528)
Hex Converter:   FromElf.exe V5.06 update 5 (build 528)
CPU DLL:         
Dialog DLL:      
Target DLL:      Segger\JL2CM3.dll V2.99.26.0
Dialog DLL:      TCM.DLL V1.32.0.0
 
<h2>Project:</h2>
D:\Users\Adrian\Current\Files\Work\Decawave\SW\DWM1001-Dev\Builds\CurrentDWbuild\sandbox\dwm1001-keil-examples\examples\twi_accel\twi_accel.uvprojx
Project File Date:  02/27/2018

<h2>Output:</h2>
*** Using Compiler 'V5.06 update 5 (build 528)', folder: 'C:\Keil_v5\ARM\ARMCC\Bin'
Rebuild target 'DWM1001DEV'
compiling main.c...
compiling LIS2DH12.c...
compiling TWI.c...
compiling UART.c...
compiling boards.c...
compiling bsp.c...
compiling nrf_drv_common.c...
compiling bsp_nfc.c...
compiling nrf_drv_clock.c...
compiling nrf_drv_gpiote.c...
compiling nrf_drv_twi.c...
compiling nrf_drv_uart.c...
compiling nrf_soc.c...
compiling nrf_nvic.c...
compiling app_error.c...
compiling app_util_platform.c...
compiling app_fifo.c...
compiling app_error_weak.c...
compiling nrf_assert.c...
compiling nrf_balloc.c...
compiling app_uart_fifo.c...
compiling nrf_memobj.c...
compiling nrf_queue.c...
compiling nrf_pwr_mgmt.c...
compiling nrf_strerror.c...
compiling nrf_section_iter.c...
compiling nrf_twi_mngr.c...
compiling retarget.c...
compiling app_button.c...
compiling app_timer.c...
assembling arm_startup_nrf52.s...
compiling system_nrf52.c...
compiling SEGGER_RTT.c...
linking...
Program Size: Code=9988 RO-data=652 RW-data=56 ZI-data=9216  
FromELF: creating hex file...
".\_build\twi_accel_dwm1001dev.axf" - 0 Error(s), 0 Warning(s).

<h2>Software Packages used:</h2>

Package Vendor: ARM
                http://www.keil.com/pack/ARM.CMSIS.4.5.0.pack
                ARM.CMSIS.4.5.0
                CMSIS (Cortex Microcontroller Software Interface Standard)
   * Component: CORE Version: 4.3.0

Package Vendor: NordicSemiconductor
                http://developer.nordicsemi.com/nRF5_SDK/pieces/nRF_DeviceFamilyPack/NordicSemiconductor.nRF_DeviceFamilyPack.8.15.0.pack
                NordicSemiconductor.nRF_DeviceFamilyPack.8.15.0
                Nordic Semiconductor nRF ARM devices Device Family Pack.
   * Component: Startup Version: 8.15.0

<h2>Collection of Component include folders:</h2>
  .\RTE\_DWM1001DEV
  C:\Keil_v5\ARM\PACK\ARM\CMSIS\4.5.0\CMSIS\Include
  C:\Keil_v5\ARM\PACK\NordicSemiconductor\nRF_DeviceFamilyPack\8.15.0\Device\Include

<h2>Collection of Component Files used:</h2>

   * Component: NordicSemiconductor::Device:Startup:8.15.0
      Source file:   Device\Source\arm\arm_startup_nrf52.s
      Include file:  Device\Include\system_nrf52.h
      Source file:   Device\Source\system_nrf52.c

   * Component: ARM::CMSIS:CORE:4.3.0
Build Time Elapsed:  00:00:13
</pre>
</body>
</html>
